nohup: ignoring input
2026-03-08 15:27:32,898 - INFO - ================================================================================
2026-03-08 15:27:32,898 - INFO - ZooBot Training Pipeline
2026-03-08 15:27:32,898 - INFO - ================================================================================
2026-03-08 15:27:32,898 - INFO - Models to train: 3
2026-03-08 15:27:32,898 - INFO - Training params: {'epochs': 30, 'batch_size': 32, 'lr': 1e-05}
2026-03-08 15:27:32,898 - INFO - ================================================================================
2026-03-08 15:27:32,898 - INFO - 
[1/3] Training convnext_nano...
2026-03-08 15:27:32,898 - INFO - ================================================================================
2026-03-08 15:27:32,898 - INFO - Training convnext_nano
2026-03-08 15:27:32,898 - INFO - ================================================================================
2026-03-08 15:27:32,898 - INFO - Train CSV: /mnt/acmis_hby/Paper_experiment_one/ZooBot_experiments/data/train_catalog.csv
2026-03-08 15:27:32,899 - INFO - Val CSV: /mnt/acmis_hby/Paper_experiment_one/ZooBot_experiments/data/val_catalog.csv
2026-03-08 15:27:32,899 - INFO - Save dir: /mnt/acmis_hby/Paper_experiment_one/ZooBot_experiments/checkpoints/convnext_nano
2026-03-08 15:27:32,899 - INFO - GPU: 0
2026-03-08 15:27:32,899 - INFO - Batch size: 32
2026-03-08 15:27:32,899 - INFO - Epochs: 30
2026-03-08 15:27:32,899 - INFO - Learning rate: 1e-05
2026-03-08 15:27:32,899 - INFO - 
Loading data...
2026-03-08 15:27:32,953 - INFO - Train samples: 43796
2026-03-08 15:27:32,953 - INFO - 
Creating transforms...
2026-03-08 15:27:32,956 - INFO - Using view transform config: {'pil_to_tensor': True, 'flux_to_jpg_like_dynamic_range': False, 'fixed_crop': False, 'output_size': 224, 'greyscale': False, 'interpolation_method': 'bilinear', 'random_affine': {'degrees': 90, 'translate': [0.1, 0.1], 'scale': [1.2, 1.4], 'shear': [0, 20, 0, 20]}, 'random_perspective': False, 'center_crop': False, 'random_resized_crop': False, 'flip_prob': 0.5, 'rotation_prob': 0.0, 'color_jitter_prob': 0.0, 'erase_iterations': 5, 'random_erasing': {'p': 1.0, 'scale': [0.002, 0.007], 'ratio': [0.5, 2.0]}, 'posterize': False, 'elastic_prob': 0.0, 'normalize': False}
2026-03-08 15:27:32,956 - INFO - Using RandomAffine with safety crop, {'degrees': 90, 'translate': [0.1, 0.1], 'scale': [1.2, 1.4], 'shear': [0, 20, 0, 20]}
2026-03-08 15:27:32,960 - INFO - Creating DataModule...
2026-03-08 15:27:32,960 - INFO - Num workers: 4
2026-03-08 15:27:32,960 - INFO - Prefetch factor: 4
2026-03-08 15:27:32,960 - INFO - 
Loading pretrained model: hf_hub:mwalmsley/zoobot-encoder-convnext_nano
2026-03-08 15:27:33,722 - INFO - HTTP Request: HEAD https://huggingface.co/mwalmsley/zoobot-encoder-convnext_nano/resolve/main/config.json "HTTP/1.1 307 Temporary Redirect"
2026-03-08 15:27:33,813 - INFO - HTTP Request: HEAD https://huggingface.co/api/resolve-cache/models/mwalmsley/zoobot-encoder-convnext_nano/494bae25811233bb6cec2389322b09866bfdbe08/config.json "HTTP/1.1 200 OK"
2026-03-08 15:27:34,194 - INFO - Loading pretrained weights from Hugging Face hub (mwalmsley/zoobot-encoder-convnext_nano)
2026-03-08 15:27:34,506 - INFO - HTTP Request: HEAD https://huggingface.co/mwalmsley/zoobot-encoder-convnext_nano/resolve/main/model.safetensors "HTTP/1.1 404 Not Found"
2026-03-08 15:27:34,827 - INFO - HTTP Request: HEAD https://huggingface.co/mwalmsley/zoobot-encoder-convnext_nano/resolve/main/pytorch_model.bin "HTTP/1.1 302 Found"
2026-03-08 15:27:34,906 - INFO - Using classification head and cross-entropy loss
2026-03-08 15:27:34,907 - INFO - num_classes: 8
2026-03-08 15:27:34,907 - INFO - Using multi-class classification
2026-03-08 15:27:34,908 - INFO - ✓ Model loaded
2026-03-08 15:27:34,908 - INFO - 
Creating trainer...
INFO: GPU available: True (cuda), used: True
2026-03-08 15:27:34,957 - INFO - GPU available: True (cuda), used: True
INFO: TPU available: False, using: 0 TPU cores
2026-03-08 15:27:34,958 - INFO - TPU available: False, using: 0 TPU cores
/root/miniconda3/envs/zoobot_env/lib/python3.10/site-packages/lightning/pytorch/trainer/connectors/logger_connector/logger_connector.py:76: Starting from v1.9.0, `tensorboardX` has been removed as a dependency of the `lightning.pytorch` package, due to potential conflicts with other packages in the ML ecosystem. For this reason, `logger=True` will use `CSVLogger` as the default logger, unless the `tensorboard` or `tensorboardX` packages are found. Please `pip install lightning[extra]` or one of them to enable TensorBoard support by default
INFO: 💡 Tip: For seamless cloud logging and experiment tracking, try installing [litlogger](https://pypi.org/project/litlogger/) to enable LitLogger, which logs metrics and artifacts automatically to the Lightning Experiments platform.
2026-03-08 15:27:34,959 - INFO - 💡 Tip: For seamless cloud logging and experiment tracking, try installing [litlogger](https://pypi.org/project/litlogger/) to enable LitLogger, which logs metrics and artifacts automatically to the Lightning Experiments platform.
2026-03-08 15:27:34,959 - INFO - ✓ Trainer created
2026-03-08 15:27:34,959 - INFO - 
================================================================================
2026-03-08 15:27:34,959 - INFO - Starting training...
2026-03-08 15:27:34,960 - INFO - ================================================================================
INFO: You are using a CUDA device ('NVIDIA L20') that has Tensor Cores. To properly utilize them, you should set `torch.set_float32_matmul_precision('medium' | 'high')` which will trade-off precision for performance. For more details, read https://pytorch.org/docs/stable/generated/torch.set_float32_matmul_precision.html#torch.set_float32_matmul_precision
2026-03-08 15:27:35,016 - INFO - You are using a CUDA device ('NVIDIA L20') that has Tensor Cores. To properly utilize them, you should set `torch.set_float32_matmul_precision('medium' | 'high')` which will trade-off precision for performance. For more details, read https://pytorch.org/docs/stable/generated/torch.set_float32_matmul_precision.html#torch.set_float32_matmul_precision
INFO: LOCAL_RANK: 0 - CUDA_VISIBLE_DEVICES: [0,1]
2026-03-08 15:27:35,340 - INFO - LOCAL_RANK: 0 - CUDA_VISIBLE_DEVICES: [0,1]
2026-03-08 15:27:35,355 - INFO - Encoder architecture to finetune: <class 'timm.models.convnext.ConvNeXt'>
2026-03-08 15:27:35,355 - INFO - Training all parameters, not just the head
2026-03-08 15:27:35,358 - INFO - Optimizer ready
2026-03-08 15:27:35,358 - INFO - Learning rate scheduler not used
2026-03-08 15:27:35,358 - INFO - Manually applying lr_scale to optimizer param groups (because timm scheduler normally does this, but there is no scheduler)
GZDESI/GZRings/GZCD not available from galaxy_datasets.pytorch.datasets - skipping
┏━━━┳━━━━━━━━━━━━━━━━━━━┳━━━━━━━━━━━━━━━━━━━━┳━━━━━━━━┳━━━━━━━┳━━━━━━━┓
┃   ┃ Name              ┃ Type               ┃ Params ┃ Mode  ┃ FLOPs ┃
┡━━━╇━━━━━━━━━━━━━━━━━━━╇━━━━━━━━━━━━━━━━━━━━╇━━━━━━━━╇━━━━━━━╇━━━━━━━┩
│ 0 │ encoder           │ ConvNeXt           │ 15.0 M │ train │     0 │
│ 1 │ train_loss_metric │ MeanMetric         │      0 │ train │     0 │
│ 2 │ val_loss_metric   │ MeanMetric         │      0 │ train │     0 │
│ 3 │ test_loss_metric  │ MeanMetric         │      0 │ train │     0 │
│ 4 │ head              │ LinearHead         │  5.1 K │ train │     0 │
│ 5 │ train_acc         │ MulticlassAccuracy │      0 │ train │     0 │
│ 6 │ val_acc           │ MulticlassAccuracy │      0 │ train │     0 │
│ 7 │ test_acc          │ MulticlassAccuracy │      0 │ train │     0 │
└───┴───────────────────┴────────────────────┴────────┴───────┴───────┘
Trainable params: 15.0 M                                                        
Non-trainable params: 0                                                         
Total params: 15.0 M                                                            
Total estimated model params size (MB): 59                                      
Modules in train mode: 210                                                      
Modules in eval mode: 0                                                         
Total FLOPs: 0                                                                  
/root/miniconda3/envs/zoobot_env/lib/python3.10/site-packages/lightning/pytorch/utilities/_pytree.py:21: `isinstance(treespec, LeafSpec)` is deprecated, use `isinstance(treespec, TreeSpec) and treespec.is_leaf()` instead.
INFO: Epoch 0, global step 958: 'finetuning/val_loss' reached 0.82160 (best 0.82160), saving model to '/mnt/acmis_hby/Paper_experiment_one/ZooBot_experiments/checkpoints/convnext_nano/checkpoints/0.ckpt' as top 1
2026-03-08 15:31:31,480 - INFO - Epoch 0, global step 958: 'finetuning/val_loss' reached 0.82160 (best 0.82160), saving model to '/mnt/acmis_hby/Paper_experiment_one/ZooBot_experiments/checkpoints/convnext_nano/checkpoints/0.ckpt' as top 1
INFO: Epoch 1, global step 1916: 'finetuning/val_loss' reached 0.73667 (best 0.73667), saving model to '/mnt/acmis_hby/Paper_experiment_one/ZooBot_experiments/checkpoints/convnext_nano/checkpoints/1.ckpt' as top 1
2026-03-08 15:32:40,157 - INFO - Epoch 1, global step 1916: 'finetuning/val_loss' reached 0.73667 (best 0.73667), saving model to '/mnt/acmis_hby/Paper_experiment_one/ZooBot_experiments/checkpoints/convnext_nano/checkpoints/1.ckpt' as top 1
INFO: Epoch 2, global step 2874: 'finetuning/val_loss' reached 0.69727 (best 0.69727), saving model to '/mnt/acmis_hby/Paper_experiment_one/ZooBot_experiments/checkpoints/convnext_nano/checkpoints/2.ckpt' as top 1
2026-03-08 15:33:47,903 - INFO - Epoch 2, global step 2874: 'finetuning/val_loss' reached 0.69727 (best 0.69727), saving model to '/mnt/acmis_hby/Paper_experiment_one/ZooBot_experiments/checkpoints/convnext_nano/checkpoints/2.ckpt' as top 1
INFO: Epoch 3, global step 3832: 'finetuning/val_loss' reached 0.66859 (best 0.66859), saving model to '/mnt/acmis_hby/Paper_experiment_one/ZooBot_experiments/checkpoints/convnext_nano/checkpoints/3.ckpt' as top 1
2026-03-08 15:34:56,741 - INFO - Epoch 3, global step 3832: 'finetuning/val_loss' reached 0.66859 (best 0.66859), saving model to '/mnt/acmis_hby/Paper_experiment_one/ZooBot_experiments/checkpoints/convnext_nano/checkpoints/3.ckpt' as top 1
INFO: Epoch 4, global step 4790: 'finetuning/val_loss' reached 0.65830 (best 0.65830), saving model to '/mnt/acmis_hby/Paper_experiment_one/ZooBot_experiments/checkpoints/convnext_nano/checkpoints/4.ckpt' as top 1
2026-03-08 15:36:05,319 - INFO - Epoch 4, global step 4790: 'finetuning/val_loss' reached 0.65830 (best 0.65830), saving model to '/mnt/acmis_hby/Paper_experiment_one/ZooBot_experiments/checkpoints/convnext_nano/checkpoints/4.ckpt' as top 1
INFO: Epoch 5, global step 5748: 'finetuning/val_loss' reached 0.64912 (best 0.64912), saving model to '/mnt/acmis_hby/Paper_experiment_one/ZooBot_experiments/checkpoints/convnext_nano/checkpoints/5.ckpt' as top 1
2026-03-08 15:37:15,063 - INFO - Epoch 5, global step 5748: 'finetuning/val_loss' reached 0.64912 (best 0.64912), saving model to '/mnt/acmis_hby/Paper_experiment_one/ZooBot_experiments/checkpoints/convnext_nano/checkpoints/5.ckpt' as top 1
INFO: Epoch 6, global step 6706: 'finetuning/val_loss' reached 0.63351 (best 0.63351), saving model to '/mnt/acmis_hby/Paper_experiment_one/ZooBot_experiments/checkpoints/convnext_nano/checkpoints/6.ckpt' as top 1
2026-03-08 15:38:24,384 - INFO - Epoch 6, global step 6706: 'finetuning/val_loss' reached 0.63351 (best 0.63351), saving model to '/mnt/acmis_hby/Paper_experiment_one/ZooBot_experiments/checkpoints/convnext_nano/checkpoints/6.ckpt' as top 1
INFO: Epoch 7, global step 7664: 'finetuning/val_loss' reached 0.61589 (best 0.61589), saving model to '/mnt/acmis_hby/Paper_experiment_one/ZooBot_experiments/checkpoints/convnext_nano/checkpoints/7.ckpt' as top 1
2026-03-08 15:39:32,825 - INFO - Epoch 7, global step 7664: 'finetuning/val_loss' reached 0.61589 (best 0.61589), saving model to '/mnt/acmis_hby/Paper_experiment_one/ZooBot_experiments/checkpoints/convnext_nano/checkpoints/7.ckpt' as top 1
INFO: Epoch 8, global step 8622: 'finetuning/val_loss' reached 0.60458 (best 0.60458), saving model to '/mnt/acmis_hby/Paper_experiment_one/ZooBot_experiments/checkpoints/convnext_nano/checkpoints/8.ckpt' as top 1
2026-03-08 15:40:41,794 - INFO - Epoch 8, global step 8622: 'finetuning/val_loss' reached 0.60458 (best 0.60458), saving model to '/mnt/acmis_hby/Paper_experiment_one/ZooBot_experiments/checkpoints/convnext_nano/checkpoints/8.ckpt' as top 1
INFO: Epoch 9, global step 9580: 'finetuning/val_loss' was not in top 1
2026-03-08 15:41:50,777 - INFO - Epoch 9, global step 9580: 'finetuning/val_loss' was not in top 1
INFO: Epoch 10, global step 10538: 'finetuning/val_loss' reached 0.57920 (best 0.57920), saving model to '/mnt/acmis_hby/Paper_experiment_one/ZooBot_experiments/checkpoints/convnext_nano/checkpoints/10.ckpt' as top 1
2026-03-08 15:43:01,292 - INFO - Epoch 10, global step 10538: 'finetuning/val_loss' reached 0.57920 (best 0.57920), saving model to '/mnt/acmis_hby/Paper_experiment_one/ZooBot_experiments/checkpoints/convnext_nano/checkpoints/10.ckpt' as top 1
INFO: Epoch 11, global step 11496: 'finetuning/val_loss' was not in top 1
2026-03-08 15:44:11,821 - INFO - Epoch 11, global step 11496: 'finetuning/val_loss' was not in top 1
INFO: Epoch 12, global step 12454: 'finetuning/val_loss' reached 0.57386 (best 0.57386), saving model to '/mnt/acmis_hby/Paper_experiment_one/ZooBot_experiments/checkpoints/convnext_nano/checkpoints/12.ckpt' as top 1
2026-03-08 15:45:20,710 - INFO - Epoch 12, global step 12454: 'finetuning/val_loss' reached 0.57386 (best 0.57386), saving model to '/mnt/acmis_hby/Paper_experiment_one/ZooBot_experiments/checkpoints/convnext_nano/checkpoints/12.ckpt' as top 1
INFO: Epoch 13, global step 13412: 'finetuning/val_loss' reached 0.57285 (best 0.57285), saving model to '/mnt/acmis_hby/Paper_experiment_one/ZooBot_experiments/checkpoints/convnext_nano/checkpoints/13.ckpt' as top 1
2026-03-08 15:46:30,218 - INFO - Epoch 13, global step 13412: 'finetuning/val_loss' reached 0.57285 (best 0.57285), saving model to '/mnt/acmis_hby/Paper_experiment_one/ZooBot_experiments/checkpoints/convnext_nano/checkpoints/13.ckpt' as top 1
INFO: Epoch 14, global step 14370: 'finetuning/val_loss' reached 0.56844 (best 0.56844), saving model to '/mnt/acmis_hby/Paper_experiment_one/ZooBot_experiments/checkpoints/convnext_nano/checkpoints/14.ckpt' as top 1
2026-03-08 15:47:39,272 - INFO - Epoch 14, global step 14370: 'finetuning/val_loss' reached 0.56844 (best 0.56844), saving model to '/mnt/acmis_hby/Paper_experiment_one/ZooBot_experiments/checkpoints/convnext_nano/checkpoints/14.ckpt' as top 1
INFO: Epoch 15, global step 15328: 'finetuning/val_loss' was not in top 1
2026-03-08 15:48:46,932 - INFO - Epoch 15, global step 15328: 'finetuning/val_loss' was not in top 1
INFO: Epoch 16, global step 16286: 'finetuning/val_loss' was not in top 1
2026-03-08 15:49:55,788 - INFO - Epoch 16, global step 16286: 'finetuning/val_loss' was not in top 1
INFO: Epoch 17, global step 17244: 'finetuning/val_loss' was not in top 1
2026-03-08 15:51:02,334 - INFO - Epoch 17, global step 17244: 'finetuning/val_loss' was not in top 1
INFO: Epoch 18, global step 18202: 'finetuning/val_loss' was not in top 1
2026-03-08 15:52:11,228 - INFO - Epoch 18, global step 18202: 'finetuning/val_loss' was not in top 1
INFO: Epoch 19, global step 19160: 'finetuning/val_loss' reached 0.56234 (best 0.56234), saving model to '/mnt/acmis_hby/Paper_experiment_one/ZooBot_experiments/checkpoints/convnext_nano/checkpoints/19.ckpt' as top 1
2026-03-08 15:53:20,344 - INFO - Epoch 19, global step 19160: 'finetuning/val_loss' reached 0.56234 (best 0.56234), saving model to '/mnt/acmis_hby/Paper_experiment_one/ZooBot_experiments/checkpoints/convnext_nano/checkpoints/19.ckpt' as top 1
INFO: Epoch 20, global step 20118: 'finetuning/val_loss' reached 0.56092 (best 0.56092), saving model to '/mnt/acmis_hby/Paper_experiment_one/ZooBot_experiments/checkpoints/convnext_nano/checkpoints/20.ckpt' as top 1
2026-03-08 15:54:29,721 - INFO - Epoch 20, global step 20118: 'finetuning/val_loss' reached 0.56092 (best 0.56092), saving model to '/mnt/acmis_hby/Paper_experiment_one/ZooBot_experiments/checkpoints/convnext_nano/checkpoints/20.ckpt' as top 1
INFO: Epoch 21, global step 21076: 'finetuning/val_loss' was not in top 1
2026-03-08 15:55:39,448 - INFO - Epoch 21, global step 21076: 'finetuning/val_loss' was not in top 1
INFO: Epoch 22, global step 22034: 'finetuning/val_loss' reached 0.55917 (best 0.55917), saving model to '/mnt/acmis_hby/Paper_experiment_one/ZooBot_experiments/checkpoints/convnext_nano/checkpoints/22.ckpt' as top 1
2026-03-08 15:56:49,301 - INFO - Epoch 22, global step 22034: 'finetuning/val_loss' reached 0.55917 (best 0.55917), saving model to '/mnt/acmis_hby/Paper_experiment_one/ZooBot_experiments/checkpoints/convnext_nano/checkpoints/22.ckpt' as top 1
INFO: Epoch 23, global step 22992: 'finetuning/val_loss' was not in top 1
2026-03-08 15:57:58,247 - INFO - Epoch 23, global step 22992: 'finetuning/val_loss' was not in top 1
INFO: Epoch 24, global step 23950: 'finetuning/val_loss' was not in top 1
2026-03-08 15:59:07,229 - INFO - Epoch 24, global step 23950: 'finetuning/val_loss' was not in top 1
INFO: Epoch 25, global step 24908: 'finetuning/val_loss' reached 0.55633 (best 0.55633), saving model to '/mnt/acmis_hby/Paper_experiment_one/ZooBot_experiments/checkpoints/convnext_nano/checkpoints/25.ckpt' as top 1
2026-03-08 16:00:14,350 - INFO - Epoch 25, global step 24908: 'finetuning/val_loss' reached 0.55633 (best 0.55633), saving model to '/mnt/acmis_hby/Paper_experiment_one/ZooBot_experiments/checkpoints/convnext_nano/checkpoints/25.ckpt' as top 1
INFO: Epoch 26, global step 25866: 'finetuning/val_loss' was not in top 1
2026-03-08 16:01:23,896 - INFO - Epoch 26, global step 25866: 'finetuning/val_loss' was not in top 1
INFO: Epoch 27, global step 26824: 'finetuning/val_loss' was not in top 1
2026-03-08 16:02:32,395 - INFO - Epoch 27, global step 26824: 'finetuning/val_loss' was not in top 1
INFO: Epoch 28, global step 27782: 'finetuning/val_loss' was not in top 1
2026-03-08 16:03:40,845 - INFO - Epoch 28, global step 27782: 'finetuning/val_loss' was not in top 1
INFO: Epoch 29, global step 28740: 'finetuning/val_loss' was not in top 1
2026-03-08 16:04:49,174 - INFO - Epoch 29, global step 28740: 'finetuning/val_loss' was not in top 1
INFO: `Trainer.fit` stopped: `max_epochs=30` reached.
2026-03-08 16:04:49,178 - INFO - `Trainer.fit` stopped: `max_epochs=30` reached.
Epoch 29/29 ━━━━━━━━━━━━━━━━ 958/958 0:01:02 •       15.26it/s v_num: 10.000    
                                     0:00:00                   finetuning/val_l…
                                                               0.564            
                                                               finetuning/val_a…
                                                               0.797            
                                                               finetuning/train…
                                                               0.462            
                                                               finetuning/train…
                                                               0.828            
2026-03-08 16:04:49,483 - INFO - 
================================================================================
2026-03-08 16:04:49,484 - INFO - Training completed!
2026-03-08 16:04:49,484 - INFO - ================================================================================
2026-03-08 16:04:49,484 - INFO - Best checkpoint: /mnt/acmis_hby/Paper_experiment_one/ZooBot_experiments/checkpoints/convnext_nano/checkpoints/25.ckpt
2026-03-08 16:04:49,484 - INFO - Best val loss: 0.5563
2026-03-08 16:04:49,484 - INFO - Training info saved to: /mnt/acmis_hby/Paper_experiment_one/ZooBot_experiments/checkpoints/convnext_nano/training_info.json
2026-03-08 16:04:49,484 - INFO - ================================================================================
2026-03-08 16:04:49,484 - INFO - 
convnext_nano: ✓ Success
