nohup: ignoring input
============================================================
🚀 SVM + Zernike Moments Galaxy Classification
============================================================
特征路径: ./features
输出目录: ./result

============================================================
📂 加载特征
============================================================
加载训练集特征...
✓ 训练集: 43,796 样本, 1081 维特征

加载验证集特征...
✓ 验证集: 554 样本

加载测试集特征...
✓ 测试集: 11,090 样本

合并后训练集: 44,350 样本
类别数: 8
类别名称: ['barred_spirals', 'cigar_shaped_elliptical', 'edge_on', 'in_between_elliptical', 'irregular', 'merger', 'round_elliptical', 'unbarred_spirals']

============================================================
🚀 开始训练 SVM
============================================================
训练样本: 44,350
特征维度: 1081
Kernel: RBF
C: 1.5
Gamma: scale
Class Weight: balanced
============================================================

标准化特征...
✓ 特征标准化完成

训练SVM模型...
✓ SVM训练完成
  训练时间: 4610.77 秒 (76.85 分钟)

💾 模型已保存: result/svm_zms_galaxy_8_classes_model.pkl

============================================================
📊 测试集评估
============================================================
正在预测...

============================================================
🎯 测试结果
============================================================
准确率 (Accuracy):        0.6160
精确率 (Precision-Macro): 0.5953
召回率 (Recall-Macro):    0.6013
F1分数 (F1-Macro):        0.5960

加权平均:
精确率 (Precision-Weighted): 0.6140
召回率 (Recall-Weighted):    0.6160
F1分数 (F1-Weighted):        0.6125

各类别详细指标:
------------------------------------------------------------
barred_spirals            | P:0.635 R:0.573 F1:0.602 (n=1600)
cigar_shaped_elliptical   | P:0.625 R:0.722 F1:0.670 (n=1483)
edge_on                   | P:0.760 R:0.732 F1:0.746 (n=1600)
in_between_elliptical     | P:0.677 R:0.614 F1:0.644 (n=1600)
irregular                 | P:0.434 R:0.500 F1:0.465 (n=1186)
merger                    | P:0.473 R:0.487 F1:0.480 (n=421)
round_elliptical          | P:0.709 R:0.821 F1:0.761 (n=1600)
unbarred_spirals          | P:0.449 R:0.362 F1:0.401 (n=1600)

============================================================
💾 保存结果文件
============================================================
✅ 预测结果: svm_zms_galaxy_8_classes_predictions.csv
✅ 完整结果: svm_zms_galaxy_8_classes_results.json
✅ 混淆矩阵图: svm_zms_galaxy_8_classes_confusion_matrix.png
✅ 训练模型: svm_zms_galaxy_8_classes_model.pkl

============================================================
✨ SVM + Zernike Moments 星系分类任务完成!
============================================================
